Archive member included to satisfy reference by file (symbol)

c:/program files (x86)/atmel/studio/7.0/toolchain/avr8/avr8-gnu-toolchain/bin/../lib/gcc/avr/5.4.0/../../../../avr/lib/avrxmega2\libm.a(cmpsf2.o)
                              gamecontroller.o (__ltsf2)
c:/program files (x86)/atmel/studio/7.0/toolchain/avr8/avr8-gnu-toolchain/bin/../lib/gcc/avr/5.4.0/../../../../avr/lib/avrxmega2\libm.a(fixunssfsi.o)
                              gamecontroller.o (__fixunssfsi)
c:/program files (x86)/atmel/studio/7.0/toolchain/avr8/avr8-gnu-toolchain/bin/../lib/gcc/avr/5.4.0/../../../../avr/lib/avrxmega2\libm.a(fp_cmp.o)
                              c:/program files (x86)/atmel/studio/7.0/toolchain/avr8/avr8-gnu-toolchain/bin/../lib/gcc/avr/5.4.0/../../../../avr/lib/avrxmega2\libm.a(cmpsf2.o) (__fp_cmp)
c:/program files (x86)/atmel/studio/7.0/toolchain/avr8/avr8-gnu-toolchain/bin/../lib/gcc/avr/5.4.0/../../../../avr/lib/avrxmega2\libm.a(fp_split3.o)
                              c:/program files (x86)/atmel/studio/7.0/toolchain/avr8/avr8-gnu-toolchain/bin/../lib/gcc/avr/5.4.0/../../../../avr/lib/avrxmega2\libm.a(fixunssfsi.o) (__fp_splitA)
c:/program files (x86)/atmel/studio/7.0/toolchain/avr8/avr8-gnu-toolchain/bin/../lib/gcc/avr/5.4.0/../../../../avr/lib/avrxmega2\libm.a(fp_zero.o)
                              c:/program files (x86)/atmel/studio/7.0/toolchain/avr8/avr8-gnu-toolchain/bin/../lib/gcc/avr/5.4.0/../../../../avr/lib/avrxmega2\libm.a(fixunssfsi.o) (__fp_zero)
c:/program files (x86)/atmel/studio/7.0/toolchain/avr8/avr8-gnu-toolchain/bin/../lib/gcc/avr/5.4.0/../../../../avr/lib/avrxmega2\libm.a(gesf2.o)
                              gamecontroller.o (__gtsf2)
c:/program files (x86)/atmel/studio/7.0/toolchain/avr8/avr8-gnu-toolchain/bin/../lib/gcc/avr/5.4.0/../../../../avr/lib/avrxmega2\libm.a(mulsf3.o)
                              gamecontroller.o (__mulsf3)
c:/program files (x86)/atmel/studio/7.0/toolchain/avr8/avr8-gnu-toolchain/bin/../lib/gcc/avr/5.4.0/../../../../avr/lib/avrxmega2\libm.a(mulsf3x.o)
                              c:/program files (x86)/atmel/studio/7.0/toolchain/avr8/avr8-gnu-toolchain/bin/../lib/gcc/avr/5.4.0/../../../../avr/lib/avrxmega2\libm.a(mulsf3.o) (__mulsf3x)
c:/program files (x86)/atmel/studio/7.0/toolchain/avr8/avr8-gnu-toolchain/bin/../lib/gcc/avr/5.4.0/../../../../avr/lib/avrxmega2\libm.a(fp_inf.o)
                              c:/program files (x86)/atmel/studio/7.0/toolchain/avr8/avr8-gnu-toolchain/bin/../lib/gcc/avr/5.4.0/../../../../avr/lib/avrxmega2\libm.a(mulsf3x.o) (__fp_inf)
c:/program files (x86)/atmel/studio/7.0/toolchain/avr8/avr8-gnu-toolchain/bin/../lib/gcc/avr/5.4.0/../../../../avr/lib/avrxmega2\libm.a(fp_nan.o)
                              c:/program files (x86)/atmel/studio/7.0/toolchain/avr8/avr8-gnu-toolchain/bin/../lib/gcc/avr/5.4.0/../../../../avr/lib/avrxmega2\libm.a(mulsf3x.o) (__fp_nan)
c:/program files (x86)/atmel/studio/7.0/toolchain/avr8/avr8-gnu-toolchain/bin/../lib/gcc/avr/5.4.0/../../../../avr/lib/avrxmega2\libm.a(fp_pscA.o)
                              c:/program files (x86)/atmel/studio/7.0/toolchain/avr8/avr8-gnu-toolchain/bin/../lib/gcc/avr/5.4.0/../../../../avr/lib/avrxmega2\libm.a(mulsf3x.o) (__fp_pscA)
c:/program files (x86)/atmel/studio/7.0/toolchain/avr8/avr8-gnu-toolchain/bin/../lib/gcc/avr/5.4.0/../../../../avr/lib/avrxmega2\libm.a(fp_pscB.o)
                              c:/program files (x86)/atmel/studio/7.0/toolchain/avr8/avr8-gnu-toolchain/bin/../lib/gcc/avr/5.4.0/../../../../avr/lib/avrxmega2\libm.a(mulsf3x.o) (__fp_pscB)
c:/program files (x86)/atmel/studio/7.0/toolchain/avr8/avr8-gnu-toolchain/bin/../lib/gcc/avr/5.4.0/../../../../avr/lib/avrxmega2\libm.a(fp_round.o)
                              c:/program files (x86)/atmel/studio/7.0/toolchain/avr8/avr8-gnu-toolchain/bin/../lib/gcc/avr/5.4.0/../../../../avr/lib/avrxmega2\libm.a(mulsf3.o) (__fp_round)
c:/program files (x86)/atmel/studio/7.0/toolchain/avr8/avr8-gnu-toolchain/bin/../lib/gcc/avr/5.4.0/avrxmega2\libgcc.a(_divmodsi4.o)
                              speaker.o (__divmodsi4)
c:/program files (x86)/atmel/studio/7.0/toolchain/avr8/avr8-gnu-toolchain/bin/../lib/gcc/avr/5.4.0/avrxmega2\libgcc.a(_negsi2.o)
                              c:/program files (x86)/atmel/studio/7.0/toolchain/avr8/avr8-gnu-toolchain/bin/../lib/gcc/avr/5.4.0/avrxmega2\libgcc.a(_divmodsi4.o) (__negsi2)
c:/program files (x86)/atmel/studio/7.0/toolchain/avr8/avr8-gnu-toolchain/bin/../lib/gcc/avr/5.4.0/avrxmega2\libgcc.a(_exit.o)
                              C:/Program Files (x86)/Atmel/Studio/7.0/Packs/atmel/XMEGAD_DFP/1.0.32/gcc/dev/atxmega16d4/avrxmega2/crtatxmega16d4.o (exit)
c:/program files (x86)/atmel/studio/7.0/toolchain/avr8/avr8-gnu-toolchain/bin/../lib/gcc/avr/5.4.0/avrxmega2\libgcc.a(_tablejump2.o)
                              encoder.o (__tablejump2__)
c:/program files (x86)/atmel/studio/7.0/toolchain/avr8/avr8-gnu-toolchain/bin/../lib/gcc/avr/5.4.0/avrxmega2\libgcc.a(_copy_data.o)
                              gamecontroller.o (__do_copy_data)
c:/program files (x86)/atmel/studio/7.0/toolchain/avr8/avr8-gnu-toolchain/bin/../lib/gcc/avr/5.4.0/avrxmega2\libgcc.a(_clear_bss.o)
                              encoder.o (__do_clear_bss)
c:/program files (x86)/atmel/studio/7.0/toolchain/avr8/avr8-gnu-toolchain/bin/../lib/gcc/avr/5.4.0/avrxmega2\libgcc.a(_udivmodsi4.o)
                              c:/program files (x86)/atmel/studio/7.0/toolchain/avr8/avr8-gnu-toolchain/bin/../lib/gcc/avr/5.4.0/avrxmega2\libgcc.a(_divmodsi4.o) (__udivmodsi4)
c:/program files (x86)/atmel/studio/7.0/toolchain/avr8/avr8-gnu-toolchain/bin/../lib/gcc/avr/5.4.0/../../../../avr/lib/avrxmega2\libc.a(iob.o)
                              USART.o (__iob)
c:/program files (x86)/atmel/studio/7.0/toolchain/avr8/avr8-gnu-toolchain/bin/../lib/gcc/avr/5.4.0/../../../../avr/lib/avrxmega2\libc.a(puts.o)
                              gamecontroller.o (puts)
c:/program files (x86)/atmel/studio/7.0/toolchain/avr8/avr8-gnu-toolchain/bin/../lib/gcc/avr/5.4.0/../../../../avr/lib/avrxmega2\libc.a(sprintf.o)
                              gamecontroller.o (sprintf)
c:/program files (x86)/atmel/studio/7.0/toolchain/avr8/avr8-gnu-toolchain/bin/../lib/gcc/avr/5.4.0/../../../../avr/lib/avrxmega2\libc.a(vfprintf_std.o)
                              c:/program files (x86)/atmel/studio/7.0/toolchain/avr8/avr8-gnu-toolchain/bin/../lib/gcc/avr/5.4.0/../../../../avr/lib/avrxmega2\libc.a(sprintf.o) (vfprintf)
c:/program files (x86)/atmel/studio/7.0/toolchain/avr8/avr8-gnu-toolchain/bin/../lib/gcc/avr/5.4.0/../../../../avr/lib/avrxmega2\libc.a(strnlen_P.o)
                              c:/program files (x86)/atmel/studio/7.0/toolchain/avr8/avr8-gnu-toolchain/bin/../lib/gcc/avr/5.4.0/../../../../avr/lib/avrxmega2\libc.a(vfprintf_std.o) (strnlen_P)
c:/program files (x86)/atmel/studio/7.0/toolchain/avr8/avr8-gnu-toolchain/bin/../lib/gcc/avr/5.4.0/../../../../avr/lib/avrxmega2\libc.a(strnlen.o)
                              c:/program files (x86)/atmel/studio/7.0/toolchain/avr8/avr8-gnu-toolchain/bin/../lib/gcc/avr/5.4.0/../../../../avr/lib/avrxmega2\libc.a(vfprintf_std.o) (strnlen)
c:/program files (x86)/atmel/studio/7.0/toolchain/avr8/avr8-gnu-toolchain/bin/../lib/gcc/avr/5.4.0/../../../../avr/lib/avrxmega2\libc.a(fputc.o)
                              c:/program files (x86)/atmel/studio/7.0/toolchain/avr8/avr8-gnu-toolchain/bin/../lib/gcc/avr/5.4.0/../../../../avr/lib/avrxmega2\libc.a(vfprintf_std.o) (fputc)
c:/program files (x86)/atmel/studio/7.0/toolchain/avr8/avr8-gnu-toolchain/bin/../lib/gcc/avr/5.4.0/../../../../avr/lib/avrxmega2\libc.a(ultoa_invert.o)
                              c:/program files (x86)/atmel/studio/7.0/toolchain/avr8/avr8-gnu-toolchain/bin/../lib/gcc/avr/5.4.0/../../../../avr/lib/avrxmega2\libc.a(vfprintf_std.o) (__ultoa_invert)
c:/program files (x86)/atmel/studio/7.0/toolchain/avr8/avr8-gnu-toolchain/bin/../lib/gcc/avr/5.4.0/avrxmega2\libgcc.a(_prologue.o)
                              c:/program files (x86)/atmel/studio/7.0/toolchain/avr8/avr8-gnu-toolchain/bin/../lib/gcc/avr/5.4.0/../../../../avr/lib/avrxmega2\libc.a(sprintf.o) (__prologue_saves__)
c:/program files (x86)/atmel/studio/7.0/toolchain/avr8/avr8-gnu-toolchain/bin/../lib/gcc/avr/5.4.0/avrxmega2\libgcc.a(_epilogue.o)
                              c:/program files (x86)/atmel/studio/7.0/toolchain/avr8/avr8-gnu-toolchain/bin/../lib/gcc/avr/5.4.0/../../../../avr/lib/avrxmega2\libc.a(sprintf.o) (__epilogue_restores__)

Allocating common symbols
Common symbol       size              file

currentPos          0x1               encoder.o
text                0x64              gamecontroller.o
prevpos             0x1               encoder.o
a                   0x1               gamecontroller.o
__iob               0x6               c:/program files (x86)/atmel/studio/7.0/toolchain/avr8/avr8-gnu-toolchain/bin/../lib/gcc/avr/5.4.0/../../../../avr/lib/avrxmega2\libc.a(iob.o)

Discarded input sections

 .data          0x00000000        0x0 C:/Program Files (x86)/Atmel/Studio/7.0/Packs/atmel/XMEGAD_DFP/1.0.32/gcc/dev/atxmega16d4/avrxmega2/crtatxmega16d4.o
 .bss           0x00000000        0x0 C:/Program Files (x86)/Atmel/Studio/7.0/Packs/atmel/XMEGAD_DFP/1.0.32/gcc/dev/atxmega16d4/avrxmega2/crtatxmega16d4.o
 .group         0x00000000        0x8 Acc.o
 .group         0x00000000        0x8 Acc.o
 .group         0x00000000        0x8 Acc.o
 .group         0x00000000        0x8 Acc.o
 .group         0x00000000        0x8 Acc.o
 .group         0x00000000        0x8 Acc.o
 .group         0x00000000        0x8 Acc.o
 .group         0x00000000        0x8 Acc.o
 .group         0x00000000        0x8 Acc.o
 .group         0x00000000        0x8 Acc.o
 .group         0x00000000        0x8 Acc.o
 .group         0x00000000        0x8 Acc.o
 .text          0x00000000        0x0 Acc.o
 .data          0x00000000        0x0 Acc.o
 .bss           0x00000000        0x0 Acc.o
 .text.AccGetXAxisRaw
                0x00000000       0x12 Acc.o
 .text.AccGetYAxisRaw
                0x00000000       0x12 Acc.o
 .text.AccGetZAxisRaw
                0x00000000       0x12 Acc.o
 .text.AccGetXAxis
                0x00000000       0x1c Acc.o
 .text.AccGetYAxis
                0x00000000       0x1c Acc.o
 .text.AccGetZAxis
                0x00000000       0x1c Acc.o
 .group         0x00000000        0x8 Analog.o
 .group         0x00000000        0x8 Analog.o
 .group         0x00000000        0x8 Analog.o
 .group         0x00000000        0x8 Analog.o
 .group         0x00000000        0x8 Analog.o
 .group         0x00000000        0x8 Analog.o
 .group         0x00000000        0x8 Analog.o
 .group         0x00000000        0x8 Analog.o
 .group         0x00000000        0x8 Analog.o
 .group         0x00000000        0x8 Analog.o
 .group         0x00000000        0x8 Analog.o
 .group         0x00000000        0x8 Analog.o
 .group         0x00000000        0x8 Analog.o
 .group         0x00000000        0x8 Analog.o
 .group         0x00000000        0x8 Analog.o
 .group         0x00000000        0x8 Analog.o
 .text          0x00000000        0x0 Analog.o
 .data          0x00000000        0x0 Analog.o
 .bss           0x00000000        0x0 Analog.o
 .text.ReadCalibrationByte
                0x00000000       0x48 Analog.o
 .text.AnalogGetCh
                0x00000000       0x60 Analog.o
 .debug_macro   0x00000000      0xa4e Analog.o
 .debug_macro   0x00000000      0x1c9 Analog.o
 .debug_macro   0x00000000       0x10 Analog.o
 .debug_macro   0x00000000       0x9e Analog.o
 .debug_macro   0x00000000     0x3c48 Analog.o
 .debug_macro   0x00000000       0x9a Analog.o
 .debug_macro   0x00000000       0xf1 Analog.o
 .debug_macro   0x00000000       0x34 Analog.o
 .debug_macro   0x00000000       0x16 Analog.o
 .debug_macro   0x00000000       0x18 Analog.o
 .debug_macro   0x00000000       0x5e Analog.o
 .group         0x00000000        0x8 Clock.o
 .group         0x00000000        0x8 Clock.o
 .group         0x00000000        0x8 Clock.o
 .group         0x00000000        0x8 Clock.o
 .group         0x00000000        0x8 Clock.o
 .group         0x00000000        0x8 Clock.o
 .group         0x00000000        0x8 Clock.o
 .group         0x00000000        0x8 Clock.o
 .group         0x00000000        0x8 Clock.o
 .group         0x00000000        0x8 Clock.o
 .group         0x00000000        0x8 Clock.o
 .group         0x00000000        0x8 Clock.o
 .text          0x00000000        0x0 Clock.o
 .data          0x00000000        0x0 Clock.o
 .bss           0x00000000        0x0 Clock.o
 .debug_macro   0x00000000      0xa4e Clock.o
 .debug_macro   0x00000000       0x10 Clock.o
 .debug_macro   0x00000000      0x1c9 Clock.o
 .debug_macro   0x00000000      0x2fc Clock.o
 .debug_macro   0x00000000       0x9e Clock.o
 .debug_macro   0x00000000     0x3c48 Clock.o
 .debug_macro   0x00000000       0x9a Clock.o
 .debug_macro   0x00000000       0xf1 Clock.o
 .debug_macro   0x00000000       0x34 Clock.o
 .debug_macro   0x00000000       0x16 Clock.o
 .debug_macro   0x00000000       0x18 Clock.o
 .debug_macro   0x00000000       0x5e Clock.o
 .group         0x00000000        0x8 encoder.o
 .group         0x00000000        0x8 encoder.o
 .group         0x00000000        0x8 encoder.o
 .group         0x00000000        0x8 encoder.o
 .group         0x00000000        0x8 encoder.o
 .group         0x00000000        0x8 encoder.o
 .group         0x00000000        0x8 encoder.o
 .group         0x00000000        0x8 encoder.o
 .group         0x00000000        0x8 encoder.o
 .group         0x00000000        0x8 encoder.o
 .group         0x00000000        0x8 encoder.o
 .group         0x00000000        0x8 encoder.o
 .group         0x00000000        0x8 encoder.o
 .group         0x00000000        0x8 encoder.o
 .group         0x00000000        0x8 encoder.o
 .group         0x00000000        0x8 encoder.o
 .group         0x00000000        0x8 encoder.o
 .group         0x00000000        0x8 encoder.o
 .group         0x00000000        0x8 encoder.o
 .text          0x00000000        0x0 encoder.o
 .data          0x00000000        0x0 encoder.o
 .bss           0x00000000        0x0 encoder.o
 .text.EncoderGetPos
                0x00000000       0x16 encoder.o
 .debug_macro   0x00000000      0xa4e encoder.o
 .debug_macro   0x00000000       0x10 encoder.o
 .debug_macro   0x00000000      0x1c9 encoder.o
 .debug_macro   0x00000000      0x2fc encoder.o
 .debug_macro   0x00000000       0x9e encoder.o
 .debug_macro   0x00000000     0x3c48 encoder.o
 .debug_macro   0x00000000       0x9a encoder.o
 .debug_macro   0x00000000       0xf1 encoder.o
 .debug_macro   0x00000000       0x34 encoder.o
 .debug_macro   0x00000000       0x16 encoder.o
 .debug_macro   0x00000000       0x18 encoder.o
 .debug_macro   0x00000000       0x5e encoder.o
 .group         0x00000000        0x8 gamecontroller.o
 .group         0x00000000        0x8 gamecontroller.o
 .group         0x00000000        0x8 gamecontroller.o
 .group         0x00000000        0x8 gamecontroller.o
 .group         0x00000000        0x8 gamecontroller.o
 .group         0x00000000        0x8 gamecontroller.o
 .group         0x00000000        0x8 gamecontroller.o
 .group         0x00000000        0x8 gamecontroller.o
 .group         0x00000000        0x8 gamecontroller.o
 .group         0x00000000        0x8 gamecontroller.o
 .group         0x00000000        0x8 gamecontroller.o
 .group         0x00000000        0x8 gamecontroller.o
 .group         0x00000000        0x8 gamecontroller.o
 .group         0x00000000        0x8 gamecontroller.o
 .group         0x00000000        0x8 gamecontroller.o
 .group         0x00000000        0x8 gamecontroller.o
 .group         0x00000000        0x8 gamecontroller.o
 .group         0x00000000        0x8 gamecontroller.o
 .group         0x00000000        0x8 gamecontroller.o
 .text          0x00000000        0x0 gamecontroller.o
 .data          0x00000000        0x0 gamecontroller.o
 .bss           0x00000000        0x0 gamecontroller.o
 .text.runningLight
                0x00000000       0x42 gamecontroller.o
 .debug_macro   0x00000000      0xa4e gamecontroller.o
 .debug_macro   0x00000000       0x10 gamecontroller.o
 .debug_macro   0x00000000      0x1c9 gamecontroller.o
 .debug_macro   0x00000000      0x2fc gamecontroller.o
 .debug_macro   0x00000000       0x9e gamecontroller.o
 .debug_macro   0x00000000     0x3c48 gamecontroller.o
 .debug_macro   0x00000000       0x9a gamecontroller.o
 .debug_macro   0x00000000       0xf1 gamecontroller.o
 .debug_macro   0x00000000       0x34 gamecontroller.o
 .debug_macro   0x00000000       0x16 gamecontroller.o
 .debug_macro   0x00000000       0x18 gamecontroller.o
 .debug_macro   0x00000000       0x5e gamecontroller.o
 .debug_macro   0x00000000       0x10 gamecontroller.o
 .debug_macro   0x00000000      0x166 gamecontroller.o
 .debug_macro   0x00000000       0x58 gamecontroller.o
 .debug_macro   0x00000000       0x10 gamecontroller.o
 .debug_macro   0x00000000       0x97 gamecontroller.o
 .debug_macro   0x00000000       0xf2 gamecontroller.o
 .group         0x00000000        0x8 Led.o
 .group         0x00000000        0x8 Led.o
 .group         0x00000000        0x8 Led.o
 .group         0x00000000        0x8 Led.o
 .group         0x00000000        0x8 Led.o
 .group         0x00000000        0x8 Led.o
 .group         0x00000000        0x8 Led.o
 .group         0x00000000        0x8 Led.o
 .group         0x00000000        0x8 Led.o
 .group         0x00000000        0x8 Led.o
 .group         0x00000000        0x8 Led.o
 .group         0x00000000        0x8 Led.o
 .text          0x00000000        0x0 Led.o
 .data          0x00000000        0x0 Led.o
 .bss           0x00000000        0x0 Led.o
 .text.LEDSet   0x00000000       0x30 Led.o
 .debug_macro   0x00000000      0xa4e Led.o
 .debug_macro   0x00000000       0x10 Led.o
 .debug_macro   0x00000000      0x1c9 Led.o
 .debug_macro   0x00000000      0x2fc Led.o
 .debug_macro   0x00000000       0x9e Led.o
 .debug_macro   0x00000000     0x3c48 Led.o
 .debug_macro   0x00000000       0x9a Led.o
 .debug_macro   0x00000000       0xf1 Led.o
 .debug_macro   0x00000000       0x34 Led.o
 .debug_macro   0x00000000       0x16 Led.o
 .debug_macro   0x00000000       0x18 Led.o
 .debug_macro   0x00000000       0x5e Led.o
 .group         0x00000000        0x8 speaker.o
 .group         0x00000000        0x8 speaker.o
 .group         0x00000000        0x8 speaker.o
 .group         0x00000000        0x8 speaker.o
 .group         0x00000000        0x8 speaker.o
 .group         0x00000000        0x8 speaker.o
 .group         0x00000000        0x8 speaker.o
 .group         0x00000000        0x8 speaker.o
 .group         0x00000000        0x8 speaker.o
 .group         0x00000000        0x8 speaker.o
 .group         0x00000000        0x8 speaker.o
 .group         0x00000000        0x8 speaker.o
 .group         0x00000000        0x8 speaker.o
 .group         0x00000000        0x8 speaker.o
 .group         0x00000000        0x8 speaker.o
 .text          0x00000000        0x0 speaker.o
 .data          0x00000000        0x0 speaker.o
 .bss           0x00000000        0x0 speaker.o
 .debug_macro   0x00000000      0xa4e speaker.o
 .debug_macro   0x00000000       0x10 speaker.o
 .debug_macro   0x00000000      0x1c9 speaker.o
 .debug_macro   0x00000000      0x2fc speaker.o
 .debug_macro   0x00000000       0x9e speaker.o
 .debug_macro   0x00000000     0x3c48 speaker.o
 .debug_macro   0x00000000       0x9a speaker.o
 .debug_macro   0x00000000       0xf1 speaker.o
 .debug_macro   0x00000000       0x34 speaker.o
 .debug_macro   0x00000000       0x16 speaker.o
 .debug_macro   0x00000000       0x18 speaker.o
 .debug_macro   0x00000000       0x5e speaker.o
 .debug_macro   0x00000000       0x69 speaker.o
 .debug_macro   0x00000000       0x10 speaker.o
 .debug_macro   0x00000000      0x166 speaker.o
 .group         0x00000000        0x8 switch.o
 .group         0x00000000        0x8 switch.o
 .group         0x00000000        0x8 switch.o
 .group         0x00000000        0x8 switch.o
 .group         0x00000000        0x8 switch.o
 .group         0x00000000        0x8 switch.o
 .group         0x00000000        0x8 switch.o
 .group         0x00000000        0x8 switch.o
 .group         0x00000000        0x8 switch.o
 .group         0x00000000        0x8 switch.o
 .group         0x00000000        0x8 switch.o
 .group         0x00000000        0x8 switch.o
 .text          0x00000000        0x0 switch.o
 .data          0x00000000        0x0 switch.o
 .bss           0x00000000        0x0 switch.o
 .text.SwitchGet
                0x00000000       0x38 switch.o
 .debug_macro   0x00000000      0xa4e switch.o
 .debug_macro   0x00000000       0x10 switch.o
 .debug_macro   0x00000000      0x1c9 switch.o
 .debug_macro   0x00000000      0x2fc switch.o
 .debug_macro   0x00000000       0x9e switch.o
 .debug_macro   0x00000000     0x3c48 switch.o
 .debug_macro   0x00000000       0x9a switch.o
 .debug_macro   0x00000000       0xf1 switch.o
 .debug_macro   0x00000000       0x34 switch.o
 .debug_macro   0x00000000       0x16 switch.o
 .debug_macro   0x00000000       0x18 switch.o
 .debug_macro   0x00000000       0x5e switch.o
 .group         0x00000000        0x8 USART.o
 .group         0x00000000        0x8 USART.o
 .group         0x00000000        0x8 USART.o
 .group         0x00000000        0x8 USART.o
 .group         0x00000000        0x8 USART.o
 .group         0x00000000        0x8 USART.o
 .group         0x00000000        0x8 USART.o
 .group         0x00000000        0x8 USART.o
 .group         0x00000000        0x8 USART.o
 .group         0x00000000        0x8 USART.o
 .group         0x00000000        0x8 USART.o
 .group         0x00000000        0x8 USART.o
 .group         0x00000000        0x8 USART.o
 .group         0x00000000        0x8 USART.o
 .group         0x00000000        0x8 USART.o
 .group         0x00000000        0x8 USART.o
 .text          0x00000000        0x0 USART.o
 .data          0x00000000        0x0 USART.o
 .bss           0x00000000        0x0 USART.o
 .debug_macro   0x00000000      0xa4e USART.o
 .debug_macro   0x00000000      0x1c9 USART.o
 .debug_macro   0x00000000      0x2fc USART.o
 .debug_macro   0x00000000       0x58 USART.o
 .debug_macro   0x00000000       0x10 USART.o
 .debug_macro   0x00000000       0x97 USART.o
 .debug_macro   0x00000000       0xf2 USART.o
 .debug_macro   0x00000000     0x3c48 USART.o
 .debug_macro   0x00000000       0x9a USART.o
 .debug_macro   0x00000000       0xf1 USART.o
 .debug_macro   0x00000000       0x34 USART.o
 .debug_macro   0x00000000       0x16 USART.o
 .debug_macro   0x00000000       0x18 USART.o
 .debug_macro   0x00000000       0x5e USART.o
 .text          0x00000000        0x0 c:/program files (x86)/atmel/studio/7.0/toolchain/avr8/avr8-gnu-toolchain/bin/../lib/gcc/avr/5.4.0/../../../../avr/lib/avrxmega2\libm.a(cmpsf2.o)
 .data          0x00000000        0x0 c:/program files (x86)/atmel/studio/7.0/toolchain/avr8/avr8-gnu-toolchain/bin/../lib/gcc/avr/5.4.0/../../../../avr/lib/avrxmega2\libm.a(cmpsf2.o)
 .bss           0x00000000        0x0 c:/program files (x86)/atmel/studio/7.0/toolchain/avr8/avr8-gnu-toolchain/bin/../lib/gcc/avr/5.4.0/../../../../avr/lib/avrxmega2\libm.a(cmpsf2.o)
 .text          0x00000000        0x0 c:/program files (x86)/atmel/studio/7.0/toolchain/avr8/avr8-gnu-toolchain/bin/../lib/gcc/avr/5.4.0/../../../../avr/lib/avrxmega2\libm.a(fixunssfsi.o)
 .data          0x00000000        0x0 c:/program files (x86)/atmel/studio/7.0/toolchain/avr8/avr8-gnu-toolchain/bin/../lib/gcc/avr/5.4.0/../../../../avr/lib/avrxmega2\libm.a(fixunssfsi.o)
 .bss           0x00000000        0x0 c:/program files (x86)/atmel/studio/7.0/toolchain/avr8/avr8-gnu-toolchain/bin/../lib/gcc/avr/5.4.0/../../../../avr/lib/avrxmega2\libm.a(fixunssfsi.o)
 .text          0x00000000        0x0 c:/program files (x86)/atmel/studio/7.0/toolchain/avr8/avr8-gnu-toolchain/bin/../lib/gcc/avr/5.4.0/../../../../avr/lib/avrxmega2\libm.a(fp_cmp.o)
 .data          0x00000000        0x0 c:/program files (x86)/atmel/studio/7.0/toolchain/avr8/avr8-gnu-toolchain/bin/../lib/gcc/avr/5.4.0/../../../../avr/lib/avrxmega2\libm.a(fp_cmp.o)
 .bss           0x00000000        0x0 c:/program files (x86)/atmel/studio/7.0/toolchain/avr8/avr8-gnu-toolchain/bin/../lib/gcc/avr/5.4.0/../../../../avr/lib/avrxmega2\libm.a(fp_cmp.o)
 .text          0x00000000        0x0 c:/program files (x86)/atmel/studio/7.0/toolchain/avr8/avr8-gnu-toolchain/bin/../lib/gcc/avr/5.4.0/../../../../avr/lib/avrxmega2\libm.a(fp_split3.o)
 .data          0x00000000        0x0 c:/program files (x86)/atmel/studio/7.0/toolchain/avr8/avr8-gnu-toolchain/bin/../lib/gcc/avr/5.4.0/../../../../avr/lib/avrxmega2\libm.a(fp_split3.o)
 .bss           0x00000000        0x0 c:/program files (x86)/atmel/studio/7.0/toolchain/avr8/avr8-gnu-toolchain/bin/../lib/gcc/avr/5.4.0/../../../../avr/lib/avrxmega2\libm.a(fp_split3.o)
 .text          0x00000000        0x0 c:/program files (x86)/atmel/studio/7.0/toolchain/avr8/avr8-gnu-toolchain/bin/../lib/gcc/avr/5.4.0/../../../../avr/lib/avrxmega2\libm.a(fp_zero.o)
 .data          0x00000000        0x0 c:/program files (x86)/atmel/studio/7.0/toolchain/avr8/avr8-gnu-toolchain/bin/../lib/gcc/avr/5.4.0/../../../../avr/lib/avrxmega2\libm.a(fp_zero.o)
 .bss           0x00000000        0x0 c:/program files (x86)/atmel/studio/7.0/toolchain/avr8/avr8-gnu-toolchain/bin/../lib/gcc/avr/5.4.0/../../../../avr/lib/avrxmega2\libm.a(fp_zero.o)
 .text          0x00000000        0x0 c:/program files (x86)/atmel/studio/7.0/toolchain/avr8/avr8-gnu-toolchain/bin/../lib/gcc/avr/5.4.0/../../../../avr/lib/avrxmega2\libm.a(gesf2.o)
 .data          0x00000000        0x0 c:/program files (x86)/atmel/studio/7.0/toolchain/avr8/avr8-gnu-toolchain/bin/../lib/gcc/avr/5.4.0/../../../../avr/lib/avrxmega2\libm.a(gesf2.o)
 .bss           0x00000000        0x0 c:/program files (x86)/atmel/studio/7.0/toolchain/avr8/avr8-gnu-toolchain/bin/../lib/gcc/avr/5.4.0/../../../../avr/lib/avrxmega2\libm.a(gesf2.o)
 .text          0x00000000        0x0 c:/program files (x86)/atmel/studio/7.0/toolchain/avr8/avr8-gnu-toolchain/bin/../lib/gcc/avr/5.4.0/../../../../avr/lib/avrxmega2\libm.a(mulsf3.o)
 .data          0x00000000        0x0 c:/program files (x86)/atmel/studio/7.0/toolchain/avr8/avr8-gnu-toolchain/bin/../lib/gcc/avr/5.4.0/../../../../avr/lib/avrxmega2\libm.a(mulsf3.o)
 .bss           0x00000000        0x0 c:/program files (x86)/atmel/studio/7.0/toolchain/avr8/avr8-gnu-toolchain/bin/../lib/gcc/avr/5.4.0/../../../../avr/lib/avrxmega2\libm.a(mulsf3.o)
 .text          0x00000000        0x0 c:/program files (x86)/atmel/studio/7.0/toolchain/avr8/avr8-gnu-toolchain/bin/../lib/gcc/avr/5.4.0/../../../../avr/lib/avrxmega2\libm.a(mulsf3x.o)
 .data          0x00000000        0x0 c:/program files (x86)/atmel/studio/7.0/toolchain/avr8/avr8-gnu-toolchain/bin/../lib/gcc/avr/5.4.0/../../../../avr/lib/avrxmega2\libm.a(mulsf3x.o)
 .bss           0x00000000        0x0 c:/program files (x86)/atmel/studio/7.0/toolchain/avr8/avr8-gnu-toolchain/bin/../lib/gcc/avr/5.4.0/../../../../avr/lib/avrxmega2\libm.a(mulsf3x.o)
 .text          0x00000000        0x0 c:/program files (x86)/atmel/studio/7.0/toolchain/avr8/avr8-gnu-toolchain/bin/../lib/gcc/avr/5.4.0/../../../../avr/lib/avrxmega2\libm.a(fp_inf.o)
 .data          0x00000000        0x0 c:/program files (x86)/atmel/studio/7.0/toolchain/avr8/avr8-gnu-toolchain/bin/../lib/gcc/avr/5.4.0/../../../../avr/lib/avrxmega2\libm.a(fp_inf.o)
 .bss           0x00000000        0x0 c:/program files (x86)/atmel/studio/7.0/toolchain/avr8/avr8-gnu-toolchain/bin/../lib/gcc/avr/5.4.0/../../../../avr/lib/avrxmega2\libm.a(fp_inf.o)
 .text          0x00000000        0x0 c:/program files (x86)/atmel/studio/7.0/toolchain/avr8/avr8-gnu-toolchain/bin/../lib/gcc/avr/5.4.0/../../../../avr/lib/avrxmega2\libm.a(fp_nan.o)
 .data          0x00000000        0x0 c:/program files (x86)/atmel/studio/7.0/toolchain/avr8/avr8-gnu-toolchain/bin/../lib/gcc/avr/5.4.0/../../../../avr/lib/avrxmega2\libm.a(fp_nan.o)
 .bss           0x00000000        0x0 c:/program files (x86)/atmel/studio/7.0/toolchain/avr8/avr8-gnu-toolchain/bin/../lib/gcc/avr/5.4.0/../../../../avr/lib/avrxmega2\libm.a(fp_nan.o)
 .text          0x00000000        0x0 c:/program files (x86)/atmel/studio/7.0/toolchain/avr8/avr8-gnu-toolchain/bin/../lib/gcc/avr/5.4.0/../../../../avr/lib/avrxmega2\libm.a(fp_pscA.o)
 .data          0x00000000        0x0 c:/program files (x86)/atmel/studio/7.0/toolchain/avr8/avr8-gnu-toolchain/bin/../lib/gcc/avr/5.4.0/../../../../avr/lib/avrxmega2\libm.a(fp_pscA.o)
 .bss           0x00000000        0x0 c:/program files (x86)/atmel/studio/7.0/toolchain/avr8/avr8-gnu-toolchain/bin/../lib/gcc/avr/5.4.0/../../../../avr/lib/avrxmega2\libm.a(fp_pscA.o)
 .text          0x00000000        0x0 c:/program files (x86)/atmel/studio/7.0/toolchain/avr8/avr8-gnu-toolchain/bin/../lib/gcc/avr/5.4.0/../../../../avr/lib/avrxmega2\libm.a(fp_pscB.o)
 .data          0x00000000        0x0 c:/program files (x86)/atmel/studio/7.0/toolchain/avr8/avr8-gnu-toolchain/bin/../lib/gcc/avr/5.4.0/../../../../avr/lib/avrxmega2\libm.a(fp_pscB.o)
 .bss           0x00000000        0x0 c:/program files (x86)/atmel/studio/7.0/toolchain/avr8/avr8-gnu-toolchain/bin/../lib/gcc/avr/5.4.0/../../../../avr/lib/avrxmega2\libm.a(fp_pscB.o)
 .text          0x00000000        0x0 c:/program files (x86)/atmel/studio/7.0/toolchain/avr8/avr8-gnu-toolchain/bin/../lib/gcc/avr/5.4.0/../../../../avr/lib/avrxmega2\libm.a(fp_round.o)
 .data          0x00000000        0x0 c:/program files (x86)/atmel/studio/7.0/toolchain/avr8/avr8-gnu-toolchain/bin/../lib/gcc/avr/5.4.0/../../../../avr/lib/avrxmega2\libm.a(fp_round.o)
 .bss           0x00000000        0x0 c:/program files (x86)/atmel/studio/7.0/toolchain/avr8/avr8-gnu-toolchain/bin/../lib/gcc/avr/5.4.0/../../../../avr/lib/avrxmega2\libm.a(fp_round.o)
 .text          0x00000000        0x0 c:/program files (x86)/atmel/studio/7.0/toolchain/avr8/avr8-gnu-toolchain/bin/../lib/gcc/avr/5.4.0/avrxmega2\libgcc.a(_divmodsi4.o)
 .data          0x00000000        0x0 c:/program files (x86)/atmel/studio/7.0/toolchain/avr8/avr8-gnu-toolchain/bin/../lib/gcc/avr/5.4.0/avrxmega2\libgcc.a(_divmodsi4.o)
 .bss           0x00000000        0x0 c:/program files (x86)/atmel/studio/7.0/toolchain/avr8/avr8-gnu-toolchain/bin/../lib/gcc/avr/5.4.0/avrxmega2\libgcc.a(_divmodsi4.o)
 .text.libgcc.mul
                0x00000000        0x0 c:/program files (x86)/atmel/studio/7.0/toolchain/avr8/avr8-gnu-toolchain/bin/../lib/gcc/avr/5.4.0/avrxmega2\libgcc.a(_divmodsi4.o)
 .text.libgcc   0x00000000        0x0 c:/program files (x86)/atmel/studio/7.0/toolchain/avr8/avr8-gnu-toolchain/bin/../lib/gcc/avr/5.4.0/avrxmega2\libgcc.a(_divmodsi4.o)
 .text.libgcc.prologue
                0x00000000        0x0 c:/program files (x86)/atmel/studio/7.0/toolchain/avr8/avr8-gnu-toolchain/bin/../lib/gcc/avr/5.4.0/avrxmega2\libgcc.a(_divmodsi4.o)
 .text.libgcc.builtins
                0x00000000        0x0 c:/program files (x86)/atmel/studio/7.0/toolchain/avr8/avr8-gnu-toolchain/bin/../lib/gcc/avr/5.4.0/avrxmega2\libgcc.a(_divmodsi4.o)
 .text.libgcc.fmul
                0x00000000        0x0 c:/program files (x86)/atmel/studio/7.0/toolchain/avr8/avr8-gnu-toolchain/bin/../lib/gcc/avr/5.4.0/avrxmega2\libgcc.a(_divmodsi4.o)
 .text.libgcc.fixed
                0x00000000        0x0 c:/program files (x86)/atmel/studio/7.0/toolchain/avr8/avr8-gnu-toolchain/bin/../lib/gcc/avr/5.4.0/avrxmega2\libgcc.a(_divmodsi4.o)
 .text          0x00000000        0x0 c:/program files (x86)/atmel/studio/7.0/toolchain/avr8/avr8-gnu-toolchain/bin/../lib/gcc/avr/5.4.0/avrxmega2\libgcc.a(_negsi2.o)
 .data          0x00000000        0x0 c:/program files (x86)/atmel/studio/7.0/toolchain/avr8/avr8-gnu-toolchain/bin/../lib/gcc/avr/5.4.0/avrxmega2\libgcc.a(_negsi2.o)
 .bss           0x00000000        0x0 c:/program files (x86)/atmel/studio/7.0/toolchain/avr8/avr8-gnu-toolchain/bin/../lib/gcc/avr/5.4.0/avrxmega2\libgcc.a(_negsi2.o)
 .text.libgcc.mul
                0x00000000        0x0 c:/program files (x86)/atmel/studio/7.0/toolchain/avr8/avr8-gnu-toolchain/bin/../lib/gcc/avr/5.4.0/avrxmega2\libgcc.a(_negsi2.o)
 .text.libgcc   0x00000000        0x0 c:/program files (x86)/atmel/studio/7.0/toolchain/avr8/avr8-gnu-toolchain/bin/../lib/gcc/avr/5.4.0/avrxmega2\libgcc.a(_negsi2.o)
 .text.libgcc.prologue
                0x00000000        0x0 c:/program files (x86)/atmel/studio/7.0/toolchain/avr8/avr8-gnu-toolchain/bin/../lib/gcc/avr/5.4.0/avrxmega2\libgcc.a(_negsi2.o)
 .text.libgcc.builtins
                0x00000000        0x0 c:/program files (x86)/atmel/studio/7.0/toolchain/avr8/avr8-gnu-toolchain/bin/../lib/gcc/avr/5.4.0/avrxmega2\libgcc.a(_negsi2.o)
 .text.libgcc.fmul
                0x00000000        0x0 c:/program files (x86)/atmel/studio/7.0/toolchain/avr8/avr8-gnu-toolchain/bin/../lib/gcc/avr/5.4.0/avrxmega2\libgcc.a(_negsi2.o)
 .text.libgcc.fixed
                0x00000000        0x0 c:/program files (x86)/atmel/studio/7.0/toolchain/avr8/avr8-gnu-toolchain/bin/../lib/gcc/avr/5.4.0/avrxmega2\libgcc.a(_negsi2.o)
 .text          0x00000000        0x0 c:/program files (x86)/atmel/studio/7.0/toolchain/avr8/avr8-gnu-toolchain/bin/../lib/gcc/avr/5.4.0/avrxmega2\libgcc.a(_exit.o)
 .data          0x00000000        0x0 c:/program files (x86)/atmel/studio/7.0/toolchain/avr8/avr8-gnu-toolchain/bin/../lib/gcc/avr/5.4.0/avrxmega2\libgcc.a(_exit.o)
 .bss           0x00000000        0x0 c:/program files (x86)/atmel/studio/7.0/toolchain/avr8/avr8-gnu-toolchain/bin/../lib/gcc/avr/5.4.0/avrxmega2\libgcc.a(_exit.o)
 .text.libgcc.mul
                0x00000000        0x0 c:/program files (x86)/atmel/studio/7.0/toolchain/avr8/avr8-gnu-toolchain/bin/../lib/gcc/avr/5.4.0/avrxmega2\libgcc.a(_exit.o)
 .text.libgcc.div
                0x00000000        0x0 c:/program files (x86)/atmel/studio/7.0/toolchain/avr8/avr8-gnu-toolchain/bin/../lib/gcc/avr/5.4.0/avrxmega2\libgcc.a(_exit.o)
 .text.libgcc   0x00000000        0x0 c:/program files (x86)/atmel/studio/7.0/toolchain/avr8/avr8-gnu-toolchain/bin/../lib/gcc/avr/5.4.0/avrxmega2\libgcc.a(_exit.o)
 .text.libgcc.prologue
                0x00000000        0x0 c:/program files (x86)/atmel/studio/7.0/toolchain/avr8/avr8-gnu-toolchain/bin/../lib/gcc/avr/5.4.0/avrxmega2\libgcc.a(_exit.o)
 .text.libgcc.builtins
                0x00000000        0x0 c:/program files (x86)/atmel/studio/7.0/toolchain/avr8/avr8-gnu-toolchain/bin/../lib/gcc/avr/5.4.0/avrxmega2\libgcc.a(_exit.o)
 .text.libgcc.fmul
                0x00000000        0x0 c:/program files (x86)/atmel/studio/7.0/toolchain/avr8/avr8-gnu-toolchain/bin/../lib/gcc/avr/5.4.0/avrxmega2\libgcc.a(_exit.o)
 .text.libgcc.fixed
                0x00000000        0x0 c:/program files (x86)/atmel/studio/7.0/toolchain/avr8/avr8-gnu-toolchain/bin/../lib/gcc/avr/5.4.0/avrxmega2\libgcc.a(_exit.o)
 .text          0x00000000        0x0 c:/program files (x86)/atmel/studio/7.0/toolchain/avr8/avr8-gnu-toolchain/bin/../lib/gcc/avr/5.4.0/avrxmega2\libgcc.a(_tablejump2.o)
 .data          0x00000000        0x0 c:/program files (x86)/atmel/studio/7.0/toolchain/avr8/avr8-gnu-toolchain/bin/../lib/gcc/avr/5.4.0/avrxmega2\libgcc.a(_tablejump2.o)
 .bss           0x00000000        0x0 c:/program files (x86)/atmel/studio/7.0/toolchain/avr8/avr8-gnu-toolchain/bin/../lib/gcc/avr/5.4.0/avrxmega2\libgcc.a(_tablejump2.o)
 .text.libgcc.mul
                0x00000000        0x0 c:/program files (x86)/atmel/studio/7.0/toolchain/avr8/avr8-gnu-toolchain/bin/../lib/gcc/avr/5.4.0/avrxmega2\libgcc.a(_tablejump2.o)
 .text.libgcc.div
                0x00000000        0x0 c:/program files (x86)/atmel/studio/7.0/toolchain/avr8/avr8-gnu-toolchain/bin/../lib/gcc/avr/5.4.0/avrxmega2\libgcc.a(_tablejump2.o)
 .text.libgcc.prologue
                0x00000000        0x0 c:/program files (x86)/atmel/studio/7.0/toolchain/avr8/avr8-gnu-toolchain/bin/../lib/gcc/avr/5.4.0/avrxmega2\libgcc.a(_tablejump2.o)
 .text.libgcc.builtins
                0x00000000        0x0 c:/program files (x86)/atmel/studio/7.0/toolchain/avr8/avr8-gnu-toolchain/bin/../lib/gcc/avr/5.4.0/avrxmega2\libgcc.a(_tablejump2.o)
 .text.libgcc.fmul
                0x00000000        0x0 c:/program files (x86)/atmel/studio/7.0/toolchain/avr8/avr8-gnu-toolchain/bin/../lib/gcc/avr/5.4.0/avrxmega2\libgcc.a(_tablejump2.o)
 .text.libgcc.fixed
                0x00000000        0x0 c:/program files (x86)/atmel/studio/7.0/toolchain/avr8/avr8-gnu-toolchain/bin/../lib/gcc/avr/5.4.0/avrxmega2\libgcc.a(_tablejump2.o)
 .text          0x00000000        0x0 c:/program files (x86)/atmel/studio/7.0/toolchain/avr8/avr8-gnu-toolchain/bin/../lib/gcc/avr/5.4.0/avrxmega2\libgcc.a(_copy_data.o)
 .data          0x00000000        0x0 c:/program files (x86)/atmel/studio/7.0/toolchain/avr8/avr8-gnu-toolchain/bin/../lib/gcc/avr/5.4.0/avrxmega2\libgcc.a(_copy_data.o)
 .bss           0x00000000        0x0 c:/program files (x86)/atmel/studio/7.0/toolchain/avr8/avr8-gnu-toolchain/bin/../lib/gcc/avr/5.4.0/avrxmega2\libgcc.a(_copy_data.o)
 .text.libgcc.mul
                0x00000000        0x0 c:/program files (x86)/atmel/studio/7.0/toolchain/avr8/avr8-gnu-toolchain/bin/../lib/gcc/avr/5.4.0/avrxmega2\libgcc.a(_copy_data.o)
 .text.libgcc.div
                0x00000000        0x0 c:/program files (x86)/atmel/studio/7.0/toolchain/avr8/avr8-gnu-toolchain/bin/../lib/gcc/avr/5.4.0/avrxmega2\libgcc.a(_copy_data.o)
 .text.libgcc   0x00000000        0x0 c:/program files (x86)/atmel/studio/7.0/toolchain/avr8/avr8-gnu-toolchain/bin/../lib/gcc/avr/5.4.0/avrxmega2\libgcc.a(_copy_data.o)
 .text.libgcc.prologue
                0x00000000        0x0 c:/program files (x86)/atmel/studio/7.0/toolchain/avr8/avr8-gnu-toolchain/bin/../lib/gcc/avr/5.4.0/avrxmega2\libgcc.a(_copy_data.o)
 .text.libgcc.builtins
                0x00000000        0x0 c:/program files (x86)/atmel/studio/7.0/toolchain/avr8/avr8-gnu-toolchain/bin/../lib/gcc/avr/5.4.0/avrxmega2\libgcc.a(_copy_data.o)
 .text.libgcc.fmul
                0x00000000        0x0 c:/program files (x86)/atmel/studio/7.0/toolchain/avr8/avr8-gnu-toolchain/bin/../lib/gcc/avr/5.4.0/avrxmega2\libgcc.a(_copy_data.o)
 .text.libgcc.fixed
                0x00000000        0x0 c:/program files (x86)/atmel/studio/7.0/toolchain/avr8/avr8-gnu-toolchain/bin/../lib/gcc/avr/5.4.0/avrxmega2\libgcc.a(_copy_data.o)
 .text          0x00000000        0x0 c:/program files (x86)/atmel/studio/7.0/toolchain/avr8/avr8-gnu-toolchain/bin/../lib/gcc/avr/5.4.0/avrxmega2\libgcc.a(_clear_bss.o)
 .data          0x00000000        0x0 c:/program files (x86)/atmel/studio/7.0/toolchain/avr8/avr8-gnu-toolchain/bin/../lib/gcc/avr/5.4.0/avrxmega2\libgcc.a(_clear_bss.o)
 .bss           0x00000000        0x0 c:/program files (x86)/atmel/studio/7.0/toolchain/avr8/avr8-gnu-toolchain/bin/../lib/gcc/avr/5.4.0/avrxmega2\libgcc.a(_clear_bss.o)
 .text.libgcc.mul
                0x00000000        0x0 c:/program files (x86)/atmel/studio/7.0/toolchain/avr8/avr8-gnu-toolchain/bin/../lib/gcc/avr/5.4.0/avrxmega2\libgcc.a(_clear_bss.o)
 .text.libgcc.div
                0x00000000        0x0 c:/program files (x86)/atmel/studio/7.0/toolchain/avr8/avr8-gnu-toolchain/bin/../lib/gcc/avr/5.4.0/avrxmega2\libgcc.a(_clear_bss.o)
 .text.libgcc   0x00000000        0x0 c:/program files (x86)/atmel/studio/7.0/toolchain/avr8/avr8-gnu-toolchain/bin/../lib/gcc/avr/5.4.0/avrxmega2\libgcc.a(_clear_bss.o)
 .text.libgcc.prologue
                0x00000000        0x0 c:/program files (x86)/atmel/studio/7.0/toolchain/avr8/avr8-gnu-toolchain/bin/../lib/gcc/avr/5.4.0/avrxmega2\libgcc.a(_clear_bss.o)
 .text.libgcc.builtins
                0x00000000        0x0 c:/program files (x86)/atmel/studio/7.0/toolchain/avr8/avr8-gnu-toolchain/bin/../lib/gcc/avr/5.4.0/avrxmega2\libgcc.a(_clear_bss.o)
 .text.libgcc.fmul
                0x00000000        0x0 c:/program files (x86)/atmel/studio/7.0/toolchain/avr8/avr8-gnu-toolchain/bin/../lib/gcc/avr/5.4.0/avrxmega2\libgcc.a(_clear_bss.o)
 .text.libgcc.fixed
                0x00000000        0x0 c:/program files (x86)/atmel/studio/7.0/toolchain/avr8/avr8-gnu-toolchain/bin/../lib/gcc/avr/5.4.0/avrxmega2\libgcc.a(_clear_bss.o)
 .text          0x00000000        0x0 c:/program files (x86)/atmel/studio/7.0/toolchain/avr8/avr8-gnu-toolchain/bin/../lib/gcc/avr/5.4.0/avrxmega2\libgcc.a(_udivmodsi4.o)
 .data          0x00000000        0x0 c:/program files (x86)/atmel/studio/7.0/toolchain/avr8/avr8-gnu-toolchain/bin/../lib/gcc/avr/5.4.0/avrxmega2\libgcc.a(_udivmodsi4.o)
 .bss           0x00000000        0x0 c:/program files (x86)/atmel/studio/7.0/toolchain/avr8/avr8-gnu-toolchain/bin/../lib/gcc/avr/5.4.0/avrxmega2\libgcc.a(_udivmodsi4.o)
 .text.libgcc.mul
                0x00000000        0x0 c:/program files (x86)/atmel/studio/7.0/toolchain/avr8/avr8-gnu-toolchain/bin/../lib/gcc/avr/5.4.0/avrxmega2\libgcc.a(_udivmodsi4.o)
 .text.libgcc   0x00000000        0x0 c:/program files (x86)/atmel/studio/7.0/toolchain/avr8/avr8-gnu-toolchain/bin/../lib/gcc/avr/5.4.0/avrxmega2\libgcc.a(_udivmodsi4.o)
 .text.libgcc.prologue
                0x00000000        0x0 c:/program files (x86)/atmel/studio/7.0/toolchain/avr8/avr8-gnu-toolchain/bin/../lib/gcc/avr/5.4.0/avrxmega2\libgcc.a(_udivmodsi4.o)
 .text.libgcc.builtins
                0x00000000        0x0 c:/program files (x86)/atmel/studio/7.0/toolchain/avr8/avr8-gnu-toolchain/bin/../lib/gcc/avr/5.4.0/avrxmega2\libgcc.a(_udivmodsi4.o)
 .text.libgcc.fmul
                0x00000000        0x0 c:/program files (x86)/atmel/studio/7.0/toolchain/avr8/avr8-gnu-toolchain/bin/../lib/gcc/avr/5.4.0/avrxmega2\libgcc.a(_udivmodsi4.o)
 .text.libgcc.fixed
                0x00000000        0x0 c:/program files (x86)/atmel/studio/7.0/toolchain/avr8/avr8-gnu-toolchain/bin/../lib/gcc/avr/5.4.0/avrxmega2\libgcc.a(_udivmodsi4.o)
 .text          0x00000000        0x0 c:/program files (x86)/atmel/studio/7.0/toolchain/avr8/avr8-gnu-toolchain/bin/../lib/gcc/avr/5.4.0/../../../../avr/lib/avrxmega2\libc.a(iob.o)
 .data          0x00000000        0x0 c:/program files (x86)/atmel/studio/7.0/toolchain/avr8/avr8-gnu-toolchain/bin/../lib/gcc/avr/5.4.0/../../../../avr/lib/avrxmega2\libc.a(iob.o)
 .bss           0x00000000        0x0 c:/program files (x86)/atmel/studio/7.0/toolchain/avr8/avr8-gnu-toolchain/bin/../lib/gcc/avr/5.4.0/../../../../avr/lib/avrxmega2\libc.a(iob.o)
 .text          0x00000000        0x0 c:/program files (x86)/atmel/studio/7.0/toolchain/avr8/avr8-gnu-toolchain/bin/../lib/gcc/avr/5.4.0/../../../../avr/lib/avrxmega2\libc.a(puts.o)
 .data          0x00000000        0x0 c:/program files (x86)/atmel/studio/7.0/toolchain/avr8/avr8-gnu-toolchain/bin/../lib/gcc/avr/5.4.0/../../../../avr/lib/avrxmega2\libc.a(puts.o)
 .bss           0x00000000        0x0 c:/program files (x86)/atmel/studio/7.0/toolchain/avr8/avr8-gnu-toolchain/bin/../lib/gcc/avr/5.4.0/../../../../avr/lib/avrxmega2\libc.a(puts.o)
 .text          0x00000000        0x0 c:/program files (x86)/atmel/studio/7.0/toolchain/avr8/avr8-gnu-toolchain/bin/../lib/gcc/avr/5.4.0/../../../../avr/lib/avrxmega2\libc.a(sprintf.o)
 .data          0x00000000        0x0 c:/program files (x86)/atmel/studio/7.0/toolchain/avr8/avr8-gnu-toolchain/bin/../lib/gcc/avr/5.4.0/../../../../avr/lib/avrxmega2\libc.a(sprintf.o)
 .bss           0x00000000        0x0 c:/program files (x86)/atmel/studio/7.0/toolchain/avr8/avr8-gnu-toolchain/bin/../lib/gcc/avr/5.4.0/../../../../avr/lib/avrxmega2\libc.a(sprintf.o)
 .text          0x00000000        0x0 c:/program files (x86)/atmel/studio/7.0/toolchain/avr8/avr8-gnu-toolchain/bin/../lib/gcc/avr/5.4.0/../../../../avr/lib/avrxmega2\libc.a(vfprintf_std.o)
 .data          0x00000000        0x0 c:/program files (x86)/atmel/studio/7.0/toolchain/avr8/avr8-gnu-toolchain/bin/../lib/gcc/avr/5.4.0/../../../../avr/lib/avrxmega2\libc.a(vfprintf_std.o)
 .bss           0x00000000        0x0 c:/program files (x86)/atmel/studio/7.0/toolchain/avr8/avr8-gnu-toolchain/bin/../lib/gcc/avr/5.4.0/../../../../avr/lib/avrxmega2\libc.a(vfprintf_std.o)
 .text          0x00000000        0x0 c:/program files (x86)/atmel/studio/7.0/toolchain/avr8/avr8-gnu-toolchain/bin/../lib/gcc/avr/5.4.0/../../../../avr/lib/avrxmega2\libc.a(strnlen_P.o)
 .data          0x00000000        0x0 c:/program files (x86)/atmel/studio/7.0/toolchain/avr8/avr8-gnu-toolchain/bin/../lib/gcc/avr/5.4.0/../../../../avr/lib/avrxmega2\libc.a(strnlen_P.o)
 .bss           0x00000000        0x0 c:/program files (x86)/atmel/studio/7.0/toolchain/avr8/avr8-gnu-toolchain/bin/../lib/gcc/avr/5.4.0/../../../../avr/lib/avrxmega2\libc.a(strnlen_P.o)
 .text          0x00000000        0x0 c:/program files (x86)/atmel/studio/7.0/toolchain/avr8/avr8-gnu-toolchain/bin/../lib/gcc/avr/5.4.0/../../../../avr/lib/avrxmega2\libc.a(strnlen.o)
 .data          0x00000000        0x0 c:/program files (x86)/atmel/studio/7.0/toolchain/avr8/avr8-gnu-toolchain/bin/../lib/gcc/avr/5.4.0/../../../../avr/lib/avrxmega2\libc.a(strnlen.o)
 .bss           0x00000000        0x0 c:/program files (x86)/atmel/studio/7.0/toolchain/avr8/avr8-gnu-toolchain/bin/../lib/gcc/avr/5.4.0/../../../../avr/lib/avrxmega2\libc.a(strnlen.o)
 .text          0x00000000        0x0 c:/program files (x86)/atmel/studio/7.0/toolchain/avr8/avr8-gnu-toolchain/bin/../lib/gcc/avr/5.4.0/../../../../avr/lib/avrxmega2\libc.a(fputc.o)
 .data          0x00000000        0x0 c:/program files (x86)/atmel/studio/7.0/toolchain/avr8/avr8-gnu-toolchain/bin/../lib/gcc/avr/5.4.0/../../../../avr/lib/avrxmega2\libc.a(fputc.o)
 .bss           0x00000000        0x0 c:/program files (x86)/atmel/studio/7.0/toolchain/avr8/avr8-gnu-toolchain/bin/../lib/gcc/avr/5.4.0/../../../../avr/lib/avrxmega2\libc.a(fputc.o)
 .text          0x00000000        0x0 c:/program files (x86)/atmel/studio/7.0/toolchain/avr8/avr8-gnu-toolchain/bin/../lib/gcc/avr/5.4.0/../../../../avr/lib/avrxmega2\libc.a(ultoa_invert.o)
 .data          0x00000000        0x0 c:/program files (x86)/atmel/studio/7.0/toolchain/avr8/avr8-gnu-toolchain/bin/../lib/gcc/avr/5.4.0/../../../../avr/lib/avrxmega2\libc.a(ultoa_invert.o)
 .bss           0x00000000        0x0 c:/program files (x86)/atmel/studio/7.0/toolchain/avr8/avr8-gnu-toolchain/bin/../lib/gcc/avr/5.4.0/../../../../avr/lib/avrxmega2\libc.a(ultoa_invert.o)
 .text          0x00000000        0x0 c:/program files (x86)/atmel/studio/7.0/toolchain/avr8/avr8-gnu-toolchain/bin/../lib/gcc/avr/5.4.0/avrxmega2\libgcc.a(_prologue.o)
 .data          0x00000000        0x0 c:/program files (x86)/atmel/studio/7.0/toolchain/avr8/avr8-gnu-toolchain/bin/../lib/gcc/avr/5.4.0/avrxmega2\libgcc.a(_prologue.o)
 .bss           0x00000000        0x0 c:/program files (x86)/atmel/studio/7.0/toolchain/avr8/avr8-gnu-toolchain/bin/../lib/gcc/avr/5.4.0/avrxmega2\libgcc.a(_prologue.o)
 .text.libgcc.mul
                0x00000000        0x0 c:/program files (x86)/atmel/studio/7.0/toolchain/avr8/avr8-gnu-toolchain/bin/../lib/gcc/avr/5.4.0/avrxmega2\libgcc.a(_prologue.o)
 .text.libgcc.div
                0x00000000        0x0 c:/program files (x86)/atmel/studio/7.0/toolchain/avr8/avr8-gnu-toolchain/bin/../lib/gcc/avr/5.4.0/avrxmega2\libgcc.a(_prologue.o)
 .text.libgcc   0x00000000        0x0 c:/program files (x86)/atmel/studio/7.0/toolchain/avr8/avr8-gnu-toolchain/bin/../lib/gcc/avr/5.4.0/avrxmega2\libgcc.a(_prologue.o)
 .text.libgcc.builtins
                0x00000000        0x0 c:/program files (x86)/atmel/studio/7.0/toolchain/avr8/avr8-gnu-toolchain/bin/../lib/gcc/avr/5.4.0/avrxmega2\libgcc.a(_prologue.o)
 .text.libgcc.fmul
                0x00000000        0x0 c:/program files (x86)/atmel/studio/7.0/toolchain/avr8/avr8-gnu-toolchain/bin/../lib/gcc/avr/5.4.0/avrxmega2\libgcc.a(_prologue.o)
 .text.libgcc.fixed
                0x00000000        0x0 c:/program files (x86)/atmel/studio/7.0/toolchain/avr8/avr8-gnu-toolchain/bin/../lib/gcc/avr/5.4.0/avrxmega2\libgcc.a(_prologue.o)
 .text          0x00000000        0x0 c:/program files (x86)/atmel/studio/7.0/toolchain/avr8/avr8-gnu-toolchain/bin/../lib/gcc/avr/5.4.0/avrxmega2\libgcc.a(_epilogue.o)
 .data          0x00000000        0x0 c:/program files (x86)/atmel/studio/7.0/toolchain/avr8/avr8-gnu-toolchain/bin/../lib/gcc/avr/5.4.0/avrxmega2\libgcc.a(_epilogue.o)
 .bss           0x00000000        0x0 c:/program files (x86)/atmel/studio/7.0/toolchain/avr8/avr8-gnu-toolchain/bin/../lib/gcc/avr/5.4.0/avrxmega2\libgcc.a(_epilogue.o)
 .text.libgcc.mul
                0x00000000        0x0 c:/program files (x86)/atmel/studio/7.0/toolchain/avr8/avr8-gnu-toolchain/bin/../lib/gcc/avr/5.4.0/avrxmega2\libgcc.a(_epilogue.o)
 .text.libgcc.div
                0x00000000        0x0 c:/program files (x86)/atmel/studio/7.0/toolchain/avr8/avr8-gnu-toolchain/bin/../lib/gcc/avr/5.4.0/avrxmega2\libgcc.a(_epilogue.o)
 .text.libgcc   0x00000000        0x0 c:/program files (x86)/atmel/studio/7.0/toolchain/avr8/avr8-gnu-toolchain/bin/../lib/gcc/avr/5.4.0/avrxmega2\libgcc.a(_epilogue.o)
 .text.libgcc.builtins
                0x00000000        0x0 c:/program files (x86)/atmel/studio/7.0/toolchain/avr8/avr8-gnu-toolchain/bin/../lib/gcc/avr/5.4.0/avrxmega2\libgcc.a(_epilogue.o)
 .text.libgcc.fmul
                0x00000000        0x0 c:/program files (x86)/atmel/studio/7.0/toolchain/avr8/avr8-gnu-toolchain/bin/../lib/gcc/avr/5.4.0/avrxmega2\libgcc.a(_epilogue.o)
 .text.libgcc.fixed
                0x00000000        0x0 c:/program files (x86)/atmel/studio/7.0/toolchain/avr8/avr8-gnu-toolchain/bin/../lib/gcc/avr/5.4.0/avrxmega2\libgcc.a(_epilogue.o)

Memory Configuration

Name             Origin             Length             Attributes
text             0x00000000         0x00100000         xr
data             0x00802000         0x0000ffa0         rw !x
eeprom           0x00810000         0x00010000         rw !x
fuse             0x00820000         0x00000400         rw !x
lock             0x00830000         0x00000400         rw !x
signature        0x00840000         0x00000400         rw !x
user_signatures  0x00850000         0x00000400         rw !x
*default*        0x00000000         0xffffffff

Linker script and memory map

LOAD C:/Program Files (x86)/Atmel/Studio/7.0/Packs/atmel/XMEGAD_DFP/1.0.32/gcc/dev/atxmega16d4/avrxmega2/crtatxmega16d4.o
LOAD Acc.o
LOAD Analog.o
LOAD Clock.o
LOAD encoder.o
LOAD gamecontroller.o
LOAD Led.o
LOAD speaker.o
LOAD switch.o
LOAD USART.o
START GROUP
LOAD c:/program files (x86)/atmel/studio/7.0/toolchain/avr8/avr8-gnu-toolchain/bin/../lib/gcc/avr/5.4.0/../../../../avr/lib/avrxmega2\libm.a
END GROUP
START GROUP
LOAD c:/program files (x86)/atmel/studio/7.0/toolchain/avr8/avr8-gnu-toolchain/bin/../lib/gcc/avr/5.4.0/avrxmega2\libgcc.a
LOAD c:/program files (x86)/atmel/studio/7.0/toolchain/avr8/avr8-gnu-toolchain/bin/../lib/gcc/avr/5.4.0/../../../../avr/lib/avrxmega2\libm.a
LOAD c:/program files (x86)/atmel/studio/7.0/toolchain/avr8/avr8-gnu-toolchain/bin/../lib/gcc/avr/5.4.0/../../../../avr/lib/avrxmega2\libc.a
LOAD C:/Program Files (x86)/Atmel/Studio/7.0/Packs/atmel/XMEGAD_DFP/1.0.32/gcc/dev/atxmega16d4/avrxmega2\libatxmega16d4.a
END GROUP
                0x00100000                __TEXT_REGION_LENGTH__ = DEFINED (__TEXT_REGION_LENGTH__)?__TEXT_REGION_LENGTH__:0x100000
                0x0000ffa0                __DATA_REGION_LENGTH__ = DEFINED (__DATA_REGION_LENGTH__)?__DATA_REGION_LENGTH__:0xffa0
                0x00010000                __EEPROM_REGION_LENGTH__ = DEFINED (__EEPROM_REGION_LENGTH__)?__EEPROM_REGION_LENGTH__:0x10000
                0x00000400                __FUSE_REGION_LENGTH__ = DEFINED (__FUSE_REGION_LENGTH__)?__FUSE_REGION_LENGTH__:0x400
                0x00000400                __LOCK_REGION_LENGTH__ = DEFINED (__LOCK_REGION_LENGTH__)?__LOCK_REGION_LENGTH__:0x400
                0x00000400                __SIGNATURE_REGION_LENGTH__ = DEFINED (__SIGNATURE_REGION_LENGTH__)?__SIGNATURE_REGION_LENGTH__:0x400
                0x00000400                __USER_SIGNATURE_REGION_LENGTH__ = DEFINED (__USER_SIGNATURE_REGION_LENGTH__)?__USER_SIGNATURE_REGION_LENGTH__:0x400

.hash
 *(.hash)

.dynsym
 *(.dynsym)

.dynstr
 *(.dynstr)

.gnu.version
 *(.gnu.version)

.gnu.version_d
 *(.gnu.version_d)

.gnu.version_r
 *(.gnu.version_r)

.rel.init
 *(.rel.init)

.rela.init
 *(.rela.init)

.rel.text
 *(.rel.text)
 *(.rel.text.*)
 *(.rel.gnu.linkonce.t*)

.rela.text
 *(.rela.text)
 *(.rela.text.*)
 *(.rela.gnu.linkonce.t*)

.rel.fini
 *(.rel.fini)

.rela.fini
 *(.rela.fini)

.rel.rodata
 *(.rel.rodata)
 *(.rel.rodata.*)
 *(.rel.gnu.linkonce.r*)

.rela.rodata
 *(.rela.rodata)
 *(.rela.rodata.*)
 *(.rela.gnu.linkonce.r*)

.rel.data
 *(.rel.data)
 *(.rel.data.*)
 *(.rel.gnu.linkonce.d*)

.rela.data
 *(.rela.data)
 *(.rela.data.*)
 *(.rela.gnu.linkonce.d*)

.rel.ctors
 *(.rel.ctors)

.rela.ctors
 *(.rela.ctors)

.rel.dtors
 *(.rel.dtors)

.rela.dtors
 *(.rela.dtors)

.rel.got
 *(.rel.got)

.rela.got
 *(.rela.got)

.rel.bss
 *(.rel.bss)

.rela.bss
 *(.rela.bss)

.rel.plt
 *(.rel.plt)

.rela.plt
 *(.rela.plt)

.text           0x00000000     0x12f0
 *(.vectors)
 .vectors       0x00000000      0x16c C:/Program Files (x86)/Atmel/Studio/7.0/Packs/atmel/XMEGAD_DFP/1.0.32/gcc/dev/atxmega16d4/avrxmega2/crtatxmega16d4.o
                0x00000000                __vector_default
                0x00000000                __vectors
 *(.vectors)
 *(.progmem.gcc*)
 .progmem.gcc_sw_table.readEncoder
                0x0000016c       0x20 encoder.o
                0x0000018c                . = ALIGN (0x2)
                0x0000018c                __trampolines_start = .
 *(.trampolines)
 .trampolines   0x0000018c        0x0 linker stubs
 *(.trampolines*)
                0x0000018c                __trampolines_end = .
 *libprintf_flt.a:*(.progmem.data)
 *libc.a:*(.progmem.data)
 *(.progmem*)
                0x0000018c                . = ALIGN (0x2)
 *(.jumptables)
 *(.jumptables*)
 *(.lowtext)
 *(.lowtext*)
                0x0000018c                __ctors_start = .
 *(.ctors)
                0x0000018c                __ctors_end = .
                0x0000018c                __dtors_start = .
 *(.dtors)
                0x0000018c                __dtors_end = .
 SORT(*)(.ctors)
 SORT(*)(.dtors)
 *(.init0)
 .init0         0x0000018c        0x0 C:/Program Files (x86)/Atmel/Studio/7.0/Packs/atmel/XMEGAD_DFP/1.0.32/gcc/dev/atxmega16d4/avrxmega2/crtatxmega16d4.o
                0x0000018c                __init
 *(.init0)
 *(.init1)
 *(.init1)
 *(.init2)
 .init2         0x0000018c        0xc C:/Program Files (x86)/Atmel/Studio/7.0/Packs/atmel/XMEGAD_DFP/1.0.32/gcc/dev/atxmega16d4/avrxmega2/crtatxmega16d4.o
 *(.init2)
 *(.init3)
 *(.init3)
 *(.init4)
 .init4         0x00000198       0x16 c:/program files (x86)/atmel/studio/7.0/toolchain/avr8/avr8-gnu-toolchain/bin/../lib/gcc/avr/5.4.0/avrxmega2\libgcc.a(_copy_data.o)
                0x00000198                __do_copy_data
 .init4         0x000001ae       0x10 c:/program files (x86)/atmel/studio/7.0/toolchain/avr8/avr8-gnu-toolchain/bin/../lib/gcc/avr/5.4.0/avrxmega2\libgcc.a(_clear_bss.o)
                0x000001ae                __do_clear_bss
 *(.init4)
 *(.init5)
 *(.init5)
 *(.init6)
 *(.init6)
 *(.init7)
 *(.init7)
 *(.init8)
 *(.init8)
 *(.init9)
 .init9         0x000001be        0x8 C:/Program Files (x86)/Atmel/Studio/7.0/Packs/atmel/XMEGAD_DFP/1.0.32/gcc/dev/atxmega16d4/avrxmega2/crtatxmega16d4.o
 *(.init9)
 *(.text)
 .text          0x000001c6        0x4 C:/Program Files (x86)/Atmel/Studio/7.0/Packs/atmel/XMEGAD_DFP/1.0.32/gcc/dev/atxmega16d4/avrxmega2/crtatxmega16d4.o
                0x000001c6                __vector_38
                0x000001c6                __vector_22
                0x000001c6                __vector_63
                0x000001c6                __vector_28
                0x000001c6                __vector_67
                0x000001c6                __vector_1
                0x000001c6                __vector_32
                0x000001c6                __vector_75
                0x000001c6                __vector_71
                0x000001c6                __vector_34
                0x000001c6                __vector_62
                0x000001c6                __vector_77
                0x000001c6                __vector_24
                0x000001c6                __vector_12
                0x000001c6                __vector_55
                0x000001c6                __vector_69
                0x000001c6                __vector_81
                0x000001c6                __vector_90
                0x000001c6                __vector_46
                0x000001c6                __bad_interrupt
                0x000001c6                __vector_72
                0x000001c6                __vector_6
                0x000001c6                __vector_31
                0x000001c6                __vector_35
                0x000001c6                __vector_78
                0x000001c6                __vector_74
                0x000001c6                __vector_39
                0x000001c6                __vector_23
                0x000001c6                __vector_68
                0x000001c6                __vector_30
                0x000001c6                __vector_73
                0x000001c6                __vector_45
                0x000001c6                __vector_25
                0x000001c6                __vector_61
                0x000001c6                __vector_11
                0x000001c6                __vector_54
                0x000001c6                __vector_13
                0x000001c6                __vector_17
                0x000001c6                __vector_19
                0x000001c6                __vector_56
                0x000001c6                __vector_7
                0x000001c6                __vector_49
                0x000001c6                __vector_41
                0x000001c6                __vector_86
                0x000001c6                __vector_64
                0x000001c6                __vector_88
                0x000001c6                __vector_43
                0x000001c6                __vector_27
                0x000001c6                __vector_5
                0x000001c6                __vector_33
                0x000001c6                __vector_76
                0x000001c6                __vector_47
                0x000001c6                __vector_52
                0x000001c6                __vector_37
                0x000001c6                __vector_89
                0x000001c6                __vector_4
                0x000001c6                __vector_44
                0x000001c6                __vector_82
                0x000001c6                __vector_51
                0x000001c6                __vector_9
                0x000001c6                __vector_21
                0x000001c6                __vector_15
                0x000001c6                __vector_66
                0x000001c6                __vector_36
                0x000001c6                __vector_79
                0x000001c6                __vector_58
                0x000001c6                __vector_70
                0x000001c6                __vector_83
                0x000001c6                __vector_29
                0x000001c6                __vector_60
                0x000001c6                __vector_40
                0x000001c6                __vector_85
                0x000001c6                __vector_8
                0x000001c6                __vector_26
                0x000001c6                __vector_48
                0x000001c6                __vector_80
                0x000001c6                __vector_14
                0x000001c6                __vector_84
                0x000001c6                __vector_57
                0x000001c6                __vector_53
                0x000001c6                __vector_10
                0x000001c6                __vector_50
                0x000001c6                __vector_16
                0x000001c6                __vector_59
                0x000001c6                __vector_18
                0x000001c6                __vector_42
                0x000001c6                __vector_87
                0x000001c6                __vector_65
                0x000001ca                . = ALIGN (0x2)
 *(.text.*)
 .text.AccInit  0x000001ca       0x10 Acc.o
                0x000001ca                AccInit
 .text.AnalogInit
                0x000001da       0x5c Analog.o
                0x000001da                AnalogInit
 .text.ClockInit
                0x00000236       0x20 Clock.o
                0x00000236                ClockInit
 .text.EncoderInit
                0x00000256       0x70 encoder.o
                0x00000256                EncoderInit
 .text.__vector_2
                0x000002c6       0x70 encoder.o
                0x000002c6                __vector_2
 .text.__vector_3
                0x00000336       0x70 encoder.o
                0x00000336                __vector_3
 .text.readEncoder
                0x000003a6       0xb0 encoder.o
                0x000003a6                readEncoder
 .text.main     0x00000456      0x29e gamecontroller.o
                0x00000456                main
 .text.LEDInit  0x000006f4       0x42 Led.o
                0x000006f4                LEDInit
 .text.SpeakerInit
                0x00000736       0x70 speaker.o
                0x00000736                SpeakerInit
 .text.SpeakerBeep
                0x000007a6       0xd0 speaker.o
                0x000007a6                SpeakerBeep
 .text.__vector_20
                0x00000876       0x54 speaker.o
                0x00000876                __vector_20
 .text.SwitchInit
                0x000008ca       0x4c switch.o
                0x000008ca                SwitchInit
 .text.USARTInit
                0x00000916       0x6c USART.o
                0x00000916                USARTInit
 .text.stdio_putchar
                0x00000982       0x4c USART.o
                0x00000982                stdio_putchar
 .text.stdio_getchar
                0x000009ce       0x32 USART.o
                0x000009ce                stdio_getchar
 .text.avr-libc.fplib
                0x00000a00        0xa c:/program files (x86)/atmel/studio/7.0/toolchain/avr8/avr8-gnu-toolchain/bin/../lib/gcc/avr/5.4.0/../../../../avr/lib/avrxmega2\libm.a(cmpsf2.o)
                0x00000a00                __nesf2
                0x00000a00                __eqsf2
                0x00000a00                __cmpsf2
                0x00000a00                __ltsf2
                0x00000a00                __lesf2
 .text.avr-libc.fplib
                0x00000a0a       0x5e c:/program files (x86)/atmel/studio/7.0/toolchain/avr8/avr8-gnu-toolchain/bin/../lib/gcc/avr/5.4.0/../../../../avr/lib/avrxmega2\libm.a(fixunssfsi.o)
                0x00000a0a                __fixunssfsi
 .text.avr-libc.fplib
                0x00000a68       0x48 c:/program files (x86)/atmel/studio/7.0/toolchain/avr8/avr8-gnu-toolchain/bin/../lib/gcc/avr/5.4.0/../../../../avr/lib/avrxmega2\libm.a(fp_cmp.o)
                0x00000a68                __fp_cmp
 .text.avr-libc.fplib
                0x00000ab0       0x44 c:/program files (x86)/atmel/studio/7.0/toolchain/avr8/avr8-gnu-toolchain/bin/../lib/gcc/avr/5.4.0/../../../../avr/lib/avrxmega2\libm.a(fp_split3.o)
                0x00000ab0                __fp_split3
                0x00000ac0                __fp_splitA
 .text.avr-libc.fplib
                0x00000af4        0xe c:/program files (x86)/atmel/studio/7.0/toolchain/avr8/avr8-gnu-toolchain/bin/../lib/gcc/avr/5.4.0/../../../../avr/lib/avrxmega2\libm.a(fp_zero.o)
                0x00000af4                __fp_zero
                0x00000af6                __fp_szero
 .text.avr-libc.fplib
                0x00000b02        0xa c:/program files (x86)/atmel/studio/7.0/toolchain/avr8/avr8-gnu-toolchain/bin/../lib/gcc/avr/5.4.0/../../../../avr/lib/avrxmega2\libm.a(gesf2.o)
                0x00000b02                __gesf2
                0x00000b02                __gtsf2
 .text.avr-libc.fplib
                0x00000b0c        0x8 c:/program files (x86)/atmel/studio/7.0/toolchain/avr8/avr8-gnu-toolchain/bin/../lib/gcc/avr/5.4.0/../../../../avr/lib/avrxmega2\libm.a(mulsf3.o)
                0x00000b0c                __mulsf3
 .text.avr-libc.fplib
                0x00000b14       0xd2 c:/program files (x86)/atmel/studio/7.0/toolchain/avr8/avr8-gnu-toolchain/bin/../lib/gcc/avr/5.4.0/../../../../avr/lib/avrxmega2\libm.a(mulsf3x.o)
                0x00000b32                __mulsf3x
                0x00000b38                __mulsf3_pse
 .text.avr-libc.fplib
                0x00000be6        0xc c:/program files (x86)/atmel/studio/7.0/toolchain/avr8/avr8-gnu-toolchain/bin/../lib/gcc/avr/5.4.0/../../../../avr/lib/avrxmega2\libm.a(fp_inf.o)
                0x00000be6                __fp_inf
 .text.avr-libc.fplib
                0x00000bf2        0x6 c:/program files (x86)/atmel/studio/7.0/toolchain/avr8/avr8-gnu-toolchain/bin/../lib/gcc/avr/5.4.0/../../../../avr/lib/avrxmega2\libm.a(fp_nan.o)
                0x00000bf2                __fp_nan
 .text.avr-libc.fplib
                0x00000bf8        0xe c:/program files (x86)/atmel/studio/7.0/toolchain/avr8/avr8-gnu-toolchain/bin/../lib/gcc/avr/5.4.0/../../../../avr/lib/avrxmega2\libm.a(fp_pscA.o)
                0x00000bf8                __fp_pscA
 .text.avr-libc.fplib
                0x00000c06        0xe c:/program files (x86)/atmel/studio/7.0/toolchain/avr8/avr8-gnu-toolchain/bin/../lib/gcc/avr/5.4.0/../../../../avr/lib/avrxmega2\libm.a(fp_pscB.o)
                0x00000c06                __fp_pscB
 .text.avr-libc.fplib
                0x00000c14       0x22 c:/program files (x86)/atmel/studio/7.0/toolchain/avr8/avr8-gnu-toolchain/bin/../lib/gcc/avr/5.4.0/../../../../avr/lib/avrxmega2\libm.a(fp_round.o)
                0x00000c14                __fp_round
 .text.libgcc.div
                0x00000c36       0x2e c:/program files (x86)/atmel/studio/7.0/toolchain/avr8/avr8-gnu-toolchain/bin/../lib/gcc/avr/5.4.0/avrxmega2\libgcc.a(_divmodsi4.o)
                0x00000c36                __divmodsi4
 .text.libgcc.div
                0x00000c64       0x10 c:/program files (x86)/atmel/studio/7.0/toolchain/avr8/avr8-gnu-toolchain/bin/../lib/gcc/avr/5.4.0/avrxmega2\libgcc.a(_negsi2.o)
                0x00000c64                __negsi2
 .text.libgcc   0x00000c74        0xc c:/program files (x86)/atmel/studio/7.0/toolchain/avr8/avr8-gnu-toolchain/bin/../lib/gcc/avr/5.4.0/avrxmega2\libgcc.a(_tablejump2.o)
                0x00000c74                __tablejump2__
 .text.libgcc.div
                0x00000c80       0x44 c:/program files (x86)/atmel/studio/7.0/toolchain/avr8/avr8-gnu-toolchain/bin/../lib/gcc/avr/5.4.0/avrxmega2\libgcc.a(_udivmodsi4.o)
                0x00000c80                __udivmodsi4
 .text.avr-libc
                0x00000cc4       0x60 c:/program files (x86)/atmel/studio/7.0/toolchain/avr8/avr8-gnu-toolchain/bin/../lib/gcc/avr/5.4.0/../../../../avr/lib/avrxmega2\libc.a(puts.o)
                0x00000cc4                puts
 .text.avr-libc
                0x00000d24       0x44 c:/program files (x86)/atmel/studio/7.0/toolchain/avr8/avr8-gnu-toolchain/bin/../lib/gcc/avr/5.4.0/../../../../avr/lib/avrxmega2\libc.a(sprintf.o)
                0x00000d24                sprintf
 .text.avr-libc
                0x00000d68      0x3c2 c:/program files (x86)/atmel/studio/7.0/toolchain/avr8/avr8-gnu-toolchain/bin/../lib/gcc/avr/5.4.0/../../../../avr/lib/avrxmega2\libc.a(vfprintf_std.o)
                0x00000d68                vfprintf
 .text.avr-libc
                0x0000112a       0x16 c:/program files (x86)/atmel/studio/7.0/toolchain/avr8/avr8-gnu-toolchain/bin/../lib/gcc/avr/5.4.0/../../../../avr/lib/avrxmega2\libc.a(strnlen_P.o)
                0x0000112a                strnlen_P
 .text.avr-libc
                0x00001140       0x16 c:/program files (x86)/atmel/studio/7.0/toolchain/avr8/avr8-gnu-toolchain/bin/../lib/gcc/avr/5.4.0/../../../../avr/lib/avrxmega2\libc.a(strnlen.o)
                0x00001140                strnlen
 .text.avr-libc
                0x00001156       0x78 c:/program files (x86)/atmel/studio/7.0/toolchain/avr8/avr8-gnu-toolchain/bin/../lib/gcc/avr/5.4.0/../../../../avr/lib/avrxmega2\libc.a(fputc.o)
                0x00001156                fputc
 .text.avr-libc
                0x000011ce       0xbc c:/program files (x86)/atmel/studio/7.0/toolchain/avr8/avr8-gnu-toolchain/bin/../lib/gcc/avr/5.4.0/../../../../avr/lib/avrxmega2\libc.a(ultoa_invert.o)
                0x000011ce                __ultoa_invert
 .text.libgcc.prologue
                0x0000128a       0x32 c:/program files (x86)/atmel/studio/7.0/toolchain/avr8/avr8-gnu-toolchain/bin/../lib/gcc/avr/5.4.0/avrxmega2\libgcc.a(_prologue.o)
                0x0000128a                __prologue_saves__
 .text.libgcc.prologue
                0x000012bc       0x30 c:/program files (x86)/atmel/studio/7.0/toolchain/avr8/avr8-gnu-toolchain/bin/../lib/gcc/avr/5.4.0/avrxmega2\libgcc.a(_epilogue.o)
                0x000012bc                __epilogue_restores__
                0x000012ec                . = ALIGN (0x2)
 *(.fini9)
 .fini9         0x000012ec        0x0 c:/program files (x86)/atmel/studio/7.0/toolchain/avr8/avr8-gnu-toolchain/bin/../lib/gcc/avr/5.4.0/avrxmega2\libgcc.a(_exit.o)
                0x000012ec                _exit
                0x000012ec                exit
 *(.fini9)
 *(.fini8)
 *(.fini8)
 *(.fini7)
 *(.fini7)
 *(.fini6)
 *(.fini6)
 *(.fini5)
 *(.fini5)
 *(.fini4)
 *(.fini4)
 *(.fini3)
 *(.fini3)
 *(.fini2)
 *(.fini2)
 *(.fini1)
 *(.fini1)
 *(.fini0)
 .fini0         0x000012ec        0x4 c:/program files (x86)/atmel/studio/7.0/toolchain/avr8/avr8-gnu-toolchain/bin/../lib/gcc/avr/5.4.0/avrxmega2\libgcc.a(_exit.o)
 *(.fini0)
                0x000012f0                _etext = .

.data           0x00802000       0x1c load address 0x000012f0
                0x00802000                PROVIDE (__data_start, .)
 *(.data)
 *(.data*)
 .data.UsartStdio
                0x00802000        0xe USART.o
 *(.gnu.linkonce.d*)
 *(.rodata)
 .rodata        0x0080200e        0xd gamecontroller.o
 *(.rodata*)
 *(.gnu.linkonce.r*)
                0x0080201c                . = ALIGN (0x2)
 *fill*         0x0080201b        0x1 
                0x0080201c                _edata = .
                0x0080201c                PROVIDE (__data_end, .)

.bss            0x0080201c       0x6f
                0x0080201c                PROVIDE (__bss_start, .)
 *(.bss)
 *(.bss*)
 .bss.encoderPos
                0x0080201c        0x2 encoder.o
                0x0080201c                encoderPos
 *(COMMON)
 COMMON         0x0080201e        0x2 encoder.o
                0x0080201e                currentPos
                0x0080201f                prevpos
 COMMON         0x00802020       0x65 gamecontroller.o
                0x00802020                text
                0x00802084                a
 COMMON         0x00802085        0x6 c:/program files (x86)/atmel/studio/7.0/toolchain/avr8/avr8-gnu-toolchain/bin/../lib/gcc/avr/5.4.0/../../../../avr/lib/avrxmega2\libc.a(iob.o)
                0x00802085                __iob
                0x0080208b                PROVIDE (__bss_end, .)
                0x000012f0                __data_load_start = LOADADDR (.data)
                0x0000130c                __data_load_end = (__data_load_start + SIZEOF (.data))

.noinit         0x0080208b        0x0
                [!provide]                PROVIDE (__noinit_start, .)
 *(.noinit*)
                [!provide]                PROVIDE (__noinit_end, .)
                0x0080208b                _end = .
                [!provide]                PROVIDE (__heap_start, .)

.eeprom         0x00810000        0x0
 *(.eeprom*)
                0x00810000                __eeprom_end = .

.fuse
 *(.fuse)
 *(.lfuse)
 *(.hfuse)
 *(.efuse)

.lock
 *(.lock*)

.signature
 *(.signature*)

.user_signatures
 *(.user_signatures*)

.stab
 *(.stab)

.stabstr
 *(.stabstr)

.stab.excl
 *(.stab.excl)

.stab.exclstr
 *(.stab.exclstr)

.stab.index
 *(.stab.index)

.stab.indexstr
 *(.stab.indexstr)

.comment        0x00000000       0x5c
 *(.comment)
 .comment       0x00000000       0x30 Acc.o
                                 0x31 (size before relaxing)
 .comment       0x00000030       0x31 Analog.o
 .comment       0x00000030       0x31 Clock.o
 .comment       0x00000030       0x31 encoder.o
 .comment       0x00000030       0x31 gamecontroller.o
 .comment       0x00000030       0x31 Led.o
 .comment       0x00000030       0x31 speaker.o
 .comment       0x00000030       0x31 switch.o
 .comment       0x00000030       0x31 USART.o
 .comment       0x00000030       0x31 c:/program files (x86)/atmel/studio/7.0/toolchain/avr8/avr8-gnu-toolchain/bin/../lib/gcc/avr/5.4.0/../../../../avr/lib/avrxmega2\libc.a(iob.o)
 .comment       0x00000030       0x31 c:/program files (x86)/atmel/studio/7.0/toolchain/avr8/avr8-gnu-toolchain/bin/../lib/gcc/avr/5.4.0/../../../../avr/lib/avrxmega2\libc.a(puts.o)
 .comment       0x00000030       0x31 c:/program files (x86)/atmel/studio/7.0/toolchain/avr8/avr8-gnu-toolchain/bin/../lib/gcc/avr/5.4.0/../../../../avr/lib/avrxmega2\libc.a(sprintf.o)
 .comment       0x00000030       0x2c c:/program files (x86)/atmel/studio/7.0/toolchain/avr8/avr8-gnu-toolchain/bin/../lib/gcc/avr/5.4.0/../../../../avr/lib/avrxmega2\libc.a(vfprintf_std.o)
                                 0x2d (size before relaxing)
 .comment       0x0000005c       0x31 c:/program files (x86)/atmel/studio/7.0/toolchain/avr8/avr8-gnu-toolchain/bin/../lib/gcc/avr/5.4.0/../../../../avr/lib/avrxmega2\libc.a(fputc.o)

.note.gnu.avr.deviceinfo
                0x00000000       0x40
 .note.gnu.avr.deviceinfo
                0x00000000       0x40 C:/Program Files (x86)/Atmel/Studio/7.0/Packs/atmel/XMEGAD_DFP/1.0.32/gcc/dev/atxmega16d4/avrxmega2/crtatxmega16d4.o

.note.gnu.build-id
 *(.note.gnu.build-id)

.debug
 *(.debug)

.line
 *(.line)

.debug_srcinfo
 *(.debug_srcinfo)

.debug_sfnames
 *(.debug_sfnames)

.debug_aranges  0x00000000      0x1b8
 *(.debug_aranges)
 .debug_aranges
                0x00000000       0x50 Acc.o
 .debug_aranges
                0x00000050       0x30 Analog.o
 .debug_aranges
                0x00000080       0x20 Clock.o
 .debug_aranges
                0x000000a0       0x40 encoder.o
 .debug_aranges
                0x000000e0       0x28 gamecontroller.o
 .debug_aranges
                0x00000108       0x28 Led.o
 .debug_aranges
                0x00000130       0x30 speaker.o
 .debug_aranges
                0x00000160       0x28 switch.o
 .debug_aranges
                0x00000188       0x30 USART.o

.debug_pubnames
 *(.debug_pubnames)

.debug_info     0x00000000     0x27e8
 *(.debug_info .gnu.linkonce.wi.*)
 .debug_info    0x00000000      0x154 Acc.o
 .debug_info    0x00000154      0x652 Analog.o
 .debug_info    0x000007a6      0x17f Clock.o
 .debug_info    0x00000925      0x411 encoder.o
 .debug_info    0x00000d36      0x4df gamecontroller.o
 .debug_info    0x00001215      0x24f Led.o
 .debug_info    0x00001464      0xd29 speaker.o
 .debug_info    0x0000218d      0x240 switch.o
 .debug_info    0x000023cd      0x41b USART.o

.debug_abbrev   0x00000000      0x8e2
 *(.debug_abbrev)
 .debug_abbrev  0x00000000       0xa6 Acc.o
 .debug_abbrev  0x000000a6      0x150 Analog.o
 .debug_abbrev  0x000001f6       0xa4 Clock.o
 .debug_abbrev  0x0000029a      0x128 encoder.o
 .debug_abbrev  0x000003c2      0x165 gamecontroller.o
 .debug_abbrev  0x00000527       0xbe Led.o
 .debug_abbrev  0x000005e5      0x102 speaker.o
 .debug_abbrev  0x000006e7       0xaf switch.o
 .debug_abbrev  0x00000796      0x14c USART.o

.debug_line     0x00000000     0x1c04
 *(.debug_line .debug_line.* .debug_line_end)
 .debug_line    0x00000000      0x2e2 Acc.o
 .debug_line    0x000002e2      0x2f0 Analog.o
 .debug_line    0x000005d2      0x25a Clock.o
 .debug_line    0x0000082c      0x3d4 encoder.o
 .debug_line    0x00000c00      0x47b gamecontroller.o
 .debug_line    0x0000107b      0x274 Led.o
 .debug_line    0x000012ef      0x394 speaker.o
 .debug_line    0x00001683      0x280 switch.o
 .debug_line    0x00001903      0x301 USART.o

.debug_frame    0x00000000      0x4d8
 *(.debug_frame)
 .debug_frame   0x00000000       0xf4 Acc.o
 .debug_frame   0x000000f4       0x74 Analog.o
 .debug_frame   0x00000168       0x24 Clock.o
 .debug_frame   0x0000018c      0x13c encoder.o
 .debug_frame   0x000002c8       0x54 gamecontroller.o
 .debug_frame   0x0000031c       0x54 Led.o
 .debug_frame   0x00000370       0xa0 speaker.o
 .debug_frame   0x00000410       0x54 switch.o
 .debug_frame   0x00000464       0x74 USART.o

.debug_str      0x00000000    0x14db3
 *(.debug_str)
 .debug_str     0x00000000    0x10b91 Acc.o
                              0x10e09 (size before relaxing)
 .debug_str     0x00010b91     0x2fe1 Analog.o
                              0x13e09 (size before relaxing)
 .debug_str     0x00013b72       0xa6 Clock.o
                              0x10e56 (size before relaxing)
 .debug_str     0x00013c18      0xd42 encoder.o
                              0x11d05 (size before relaxing)
 .debug_str     0x0001495a       0xad gamecontroller.o
                              0x119fa (size before relaxing)
 .debug_str     0x00014a07       0x22 Led.o
                              0x10ea3 (size before relaxing)
 .debug_str     0x00014a29      0x2bd speaker.o
                              0x11919 (size before relaxing)
 .debug_str     0x00014ce6       0x23 switch.o
                              0x10ea8 (size before relaxing)
 .debug_str     0x00014d09       0xaa USART.o
                              0x1155e (size before relaxing)

.debug_loc      0x00000000      0x8b3
 *(.debug_loc)
 .debug_loc     0x00000000      0x1c4 Acc.o
 .debug_loc     0x000001c4       0xc9 Analog.o
 .debug_loc     0x0000028d      0x2a0 encoder.o
 .debug_loc     0x0000052d       0x8f gamecontroller.o
 .debug_loc     0x000005bc       0x83 Led.o
 .debug_loc     0x0000063f      0x133 speaker.o
 .debug_loc     0x00000772       0x76 switch.o
 .debug_loc     0x000007e8       0xcb USART.o

.debug_macinfo
 *(.debug_macinfo)

.debug_weaknames
 *(.debug_weaknames)

.debug_funcnames
 *(.debug_funcnames)

.debug_typenames
 *(.debug_typenames)

.debug_varnames
 *(.debug_varnames)

.debug_pubtypes
 *(.debug_pubtypes)

.debug_ranges   0x00000000      0x128
 *(.debug_ranges)
 .debug_ranges  0x00000000       0x40 Acc.o
 .debug_ranges  0x00000040       0x20 Analog.o
 .debug_ranges  0x00000060       0x10 Clock.o
 .debug_ranges  0x00000070       0x30 encoder.o
 .debug_ranges  0x000000a0       0x18 gamecontroller.o
 .debug_ranges  0x000000b8       0x18 Led.o
 .debug_ranges  0x000000d0       0x20 speaker.o
 .debug_ranges  0x000000f0       0x18 switch.o
 .debug_ranges  0x00000108       0x20 USART.o

.debug_macro    0x00000000     0x5fd0
 *(.debug_macro)
 .debug_macro   0x00000000       0x9b Acc.o
 .debug_macro   0x0000009b      0xa4e Acc.o
 .debug_macro   0x00000ae9       0x10 Acc.o
 .debug_macro   0x00000af9      0x1c9 Acc.o
 .debug_macro   0x00000cc2      0x2fc Acc.o
 .debug_macro   0x00000fbe       0x9e Acc.o
 .debug_macro   0x0000105c     0x3c48 Acc.o
 .debug_macro   0x00004ca4       0x9a Acc.o
 .debug_macro   0x00004d3e       0xf1 Acc.o
 .debug_macro   0x00004e2f       0x34 Acc.o
 .debug_macro   0x00004e63       0x16 Acc.o
 .debug_macro   0x00004e79       0x18 Acc.o
 .debug_macro   0x00004e91       0x5e Acc.o
 .debug_macro   0x00004eef       0xb9 Analog.o
 .debug_macro   0x00004fa8      0x302 Analog.o
 .debug_macro   0x000052aa       0x10 Analog.o
 .debug_macro   0x000052ba       0x89 Analog.o
 .debug_macro   0x00005343      0x181 Analog.o
 .debug_macro   0x000054c4       0xf6 Analog.o
 .debug_macro   0x000055ba       0xa1 Clock.o
 .debug_macro   0x0000565b       0xec encoder.o
 .debug_macro   0x00005747       0x69 encoder.o
 .debug_macro   0x000057b0       0x10 encoder.o
 .debug_macro   0x000057c0      0x166 encoder.o
 .debug_macro   0x00005926       0x58 encoder.o
 .debug_macro   0x0000597e       0x10 encoder.o
 .debug_macro   0x0000598e       0x97 encoder.o
 .debug_macro   0x00005a25       0xf2 encoder.o
 .debug_macro   0x00005b17      0x12c gamecontroller.o
 .debug_macro   0x00005c43       0x16 gamecontroller.o
 .debug_macro   0x00005c59       0x9b Led.o
 .debug_macro   0x00005cf4       0xc6 speaker.o
 .debug_macro   0x00005dba       0x9b switch.o
 .debug_macro   0x00005e55       0xc1 USART.o
 .debug_macro   0x00005f16       0x10 USART.o
 .debug_macro   0x00005f26       0xaa USART.o
OUTPUT(gamecontroller.elf elf32-avr)
LOAD linker stubs
